Archive member included because of file (symbol)

c:/winavr-20100110/bin/../lib/gcc/avr/4.3.3/avr5\libgcc.a(_udivmodhi4.o)
                              ./main.o (__udivmodhi4)
c:/winavr-20100110/bin/../lib/gcc/avr/4.3.3/avr5\libgcc.a(_divmodsi4.o)
                              ./UART.o (__divmodsi4)
c:/winavr-20100110/bin/../lib/gcc/avr/4.3.3/avr5\libgcc.a(_exit.o)
                              c:/winavr-20100110/bin/../lib/gcc/avr/4.3.3/../../../../avr/lib/avr5/crtm32.o (exit)
c:/winavr-20100110/bin/../lib/gcc/avr/4.3.3/avr5\libgcc.a(_copy_data.o)
                              ./main.o (__do_copy_data)
c:/winavr-20100110/bin/../lib/gcc/avr/4.3.3/avr5\libgcc.a(_clear_bss.o)
                              ./ADC.o (__do_clear_bss)
c:/winavr-20100110/bin/../lib/gcc/avr/4.3.3/avr5\libgcc.a(_ashldi3.o)
                              ./LCD.o (__ashldi3)
c:/winavr-20100110/bin/../lib/gcc/avr/4.3.3/avr5\libgcc.a(_fixunssfsi.o)
                              ./DHT22.o (__fixunssfsi)
c:/winavr-20100110/bin/../lib/gcc/avr/4.3.3/avr5\libgcc.a(_udivdi3.o)
                              ./LCD.o (__udivdi3)
c:/winavr-20100110/bin/../lib/gcc/avr/4.3.3/avr5\libgcc.a(_umoddi3.o)
                              ./LCD.o (__umoddi3)
c:/winavr-20100110/bin/../lib/gcc/avr/4.3.3/avr5\libgcc.a(_addsub_sf.o)
                              c:/winavr-20100110/bin/../lib/gcc/avr/4.3.3/avr5\libgcc.a(_fixunssfsi.o) (__subsf3)
c:/winavr-20100110/bin/../lib/gcc/avr/4.3.3/avr5\libgcc.a(_mul_sf.o)
                              ./DHT22.o (__mulsf3)
c:/winavr-20100110/bin/../lib/gcc/avr/4.3.3/avr5\libgcc.a(_div_sf.o)
                              ./ULTRASONIC.o (__divsf3)
c:/winavr-20100110/bin/../lib/gcc/avr/4.3.3/avr5\libgcc.a(_gt_sf.o)
                              ./DHT22.o (__gtsf2)
c:/winavr-20100110/bin/../lib/gcc/avr/4.3.3/avr5\libgcc.a(_ge_sf.o)
                              c:/winavr-20100110/bin/../lib/gcc/avr/4.3.3/avr5\libgcc.a(_fixunssfsi.o) (__gesf2)
c:/winavr-20100110/bin/../lib/gcc/avr/4.3.3/avr5\libgcc.a(_lt_sf.o)
                              ./DHT22.o (__ltsf2)
c:/winavr-20100110/bin/../lib/gcc/avr/4.3.3/avr5\libgcc.a(_sf_to_si.o)
                              c:/winavr-20100110/bin/../lib/gcc/avr/4.3.3/avr5\libgcc.a(_fixunssfsi.o) (__fixsfsi)
c:/winavr-20100110/bin/../lib/gcc/avr/4.3.3/avr5\libgcc.a(_thenan_sf.o)
                              c:/winavr-20100110/bin/../lib/gcc/avr/4.3.3/avr5\libgcc.a(_addsub_sf.o) (__thenan_sf)
c:/winavr-20100110/bin/../lib/gcc/avr/4.3.3/avr5\libgcc.a(_usi_to_sf.o)
                              ./ULTRASONIC.o (__floatunsisf)
c:/winavr-20100110/bin/../lib/gcc/avr/4.3.3/avr5\libgcc.a(_mulsi3.o)
                              c:/winavr-20100110/bin/../lib/gcc/avr/4.3.3/avr5\libgcc.a(_udivdi3.o) (__mulsi3)
c:/winavr-20100110/bin/../lib/gcc/avr/4.3.3/avr5\libgcc.a(_udivmodsi4.o)
                              c:/winavr-20100110/bin/../lib/gcc/avr/4.3.3/avr5\libgcc.a(_divmodsi4.o) (__udivmodsi4)
c:/winavr-20100110/bin/../lib/gcc/avr/4.3.3/avr5\libgcc.a(_prologue.o)
                              c:/winavr-20100110/bin/../lib/gcc/avr/4.3.3/avr5\libgcc.a(_udivdi3.o) (__prologue_saves__)
c:/winavr-20100110/bin/../lib/gcc/avr/4.3.3/avr5\libgcc.a(_epilogue.o)
                              c:/winavr-20100110/bin/../lib/gcc/avr/4.3.3/avr5\libgcc.a(_udivdi3.o) (__epilogue_restores__)
c:/winavr-20100110/bin/../lib/gcc/avr/4.3.3/avr5\libgcc.a(_clz.o)
                              c:/winavr-20100110/bin/../lib/gcc/avr/4.3.3/avr5\libgcc.a(_udivdi3.o) (__clz_tab)
c:/winavr-20100110/bin/../lib/gcc/avr/4.3.3/avr5\libgcc.a(_clzsi2.o)
                              c:/winavr-20100110/bin/../lib/gcc/avr/4.3.3/avr5\libgcc.a(_usi_to_sf.o) (__clzsi2)
c:/winavr-20100110/bin/../lib/gcc/avr/4.3.3/avr5\libgcc.a(_pack_sf.o)
                              c:/winavr-20100110/bin/../lib/gcc/avr/4.3.3/avr5\libgcc.a(_addsub_sf.o) (__pack_f)
c:/winavr-20100110/bin/../lib/gcc/avr/4.3.3/avr5\libgcc.a(_unpack_sf.o)
                              c:/winavr-20100110/bin/../lib/gcc/avr/4.3.3/avr5\libgcc.a(_addsub_sf.o) (__unpack_f)
c:/winavr-20100110/bin/../lib/gcc/avr/4.3.3/avr5\libgcc.a(_fpcmp_parts_sf.o)
                              c:/winavr-20100110/bin/../lib/gcc/avr/4.3.3/avr5\libgcc.a(_gt_sf.o) (__fpcmp_parts_f)

Allocating common symbols
Common symbol       size              file

TIMER1_ISR2         0x2               ./TIMER1.o
TIMER1_ISR0         0x2               ./TIMER1.o
EXTERNAL_INTERRUPTI_ISR0
                    0x2               ./EXTERNAL_INTERRUPT.o
ADC_ISR             0x2               ./ADC.o
EXTERNAL_INTERRUPTI_ISR1
                    0x2               ./EXTERNAL_INTERRUPT.o
TIMER2_ISR1         0x2               ./TIMER2.o
SPI                 0x2               ./SPI.o
TIMER1_ISR1         0x2               ./TIMER1.o
TIMER2_ISR0         0x2               ./TIMER2.o
UART_ISR            0x2               ./UART.o
TIMER0_ISR1         0x2               ./TIMER0.o
TIMER0_ISR0         0x2               ./TIMER0.o

Memory Configuration

Name             Origin             Length             Attributes
text             0x00000000         0x00020000         xr
data             0x00800060         0x0000ffa0         rw !x
eeprom           0x00810000         0x00010000         rw !x
fuse             0x00820000         0x00000400         rw !x
lock             0x00830000         0x00000400         rw !x
signature        0x00840000         0x00000400         rw !x
*default*        0x00000000         0xffffffff

Linker script and memory map

LOAD c:/winavr-20100110/bin/../lib/gcc/avr/4.3.3/../../../../avr/lib/avr5/crtm32.o
LOAD ./ADC.o
LOAD ./DHT22.o
LOAD ./DIO.o
LOAD ./EXTERNAL_INTERRUPT.o
LOAD ./LCD.o
LOAD ./SPI.o
LOAD ./TIMER0.o
LOAD ./TIMER1.o
LOAD ./TIMER2.o
LOAD ./UART.o
LOAD ./ULTRASONIC.o
LOAD ./main.o
LOAD c:/winavr-20100110/bin/../lib/gcc/avr/4.3.3/avr5\libgcc.a
LOAD c:/winavr-20100110/bin/../lib/gcc/avr/4.3.3/../../../../avr/lib/avr5\libc.a
LOAD c:/winavr-20100110/bin/../lib/gcc/avr/4.3.3/avr5\libgcc.a

.hash
 *(.hash)

.dynsym
 *(.dynsym)

.dynstr
 *(.dynstr)

.gnu.version
 *(.gnu.version)

.gnu.version_d
 *(.gnu.version_d)

.gnu.version_r
 *(.gnu.version_r)

.rel.init
 *(.rel.init)

.rela.init
 *(.rela.init)

.rel.text
 *(.rel.text)
 *(.rel.text.*)
 *(.rel.gnu.linkonce.t*)

.rela.text
 *(.rela.text)
 *(.rela.text.*)
 *(.rela.gnu.linkonce.t*)

.rel.fini
 *(.rel.fini)

.rela.fini
 *(.rela.fini)

.rel.rodata
 *(.rel.rodata)
 *(.rel.rodata.*)
 *(.rel.gnu.linkonce.r*)

.rela.rodata
 *(.rela.rodata)
 *(.rela.rodata.*)
 *(.rela.gnu.linkonce.r*)

.rel.data
 *(.rel.data)
 *(.rel.data.*)
 *(.rel.gnu.linkonce.d*)

.rela.data
 *(.rela.data)
 *(.rela.data.*)
 *(.rela.gnu.linkonce.d*)

.rel.ctors
 *(.rel.ctors)

.rela.ctors
 *(.rela.ctors)

.rel.dtors
 *(.rel.dtors)

.rela.dtors
 *(.rela.dtors)

.rel.got
 *(.rel.got)

.rela.got
 *(.rela.got)

.rel.bss
 *(.rel.bss)

.rela.bss
 *(.rela.bss)

.rel.plt
 *(.rel.plt)

.rela.plt
 *(.rela.plt)

.text           0x00000000     0x7714
 *(.vectors)
 .vectors       0x00000000       0x54 c:/winavr-20100110/bin/../lib/gcc/avr/4.3.3/../../../../avr/lib/avr5/crtm32.o
                0x00000000                __vectors
                0x00000000                __vector_default
 *(.vectors)
 *(.progmem.gcc*)
 *(.progmem*)
                0x00000054                . = ALIGN (0x2)
                0x00000054                __trampolines_start = .
 *(.trampolines)
 .trampolines   0x00000054        0x0 linker stubs
 *(.trampolines*)
                0x00000054                __trampolines_end = .
 *(.jumptables)
 *(.jumptables*)
 *(.lowtext)
 *(.lowtext*)
                0x00000054                __ctors_start = .
 *(.ctors)
                0x00000054                __ctors_end = .
                0x00000054                __dtors_start = .
 *(.dtors)
                0x00000054                __dtors_end = .
 SORT(*)(.ctors)
 SORT(*)(.dtors)
 *(.init0)
 .init0         0x00000054        0x0 c:/winavr-20100110/bin/../lib/gcc/avr/4.3.3/../../../../avr/lib/avr5/crtm32.o
                0x00000054                __init
 *(.init0)
 *(.init1)
 *(.init1)
 *(.init2)
 .init2         0x00000054        0xc c:/winavr-20100110/bin/../lib/gcc/avr/4.3.3/../../../../avr/lib/avr5/crtm32.o
 *(.init2)
 *(.init3)
 *(.init3)
 *(.init4)
 .init4         0x00000060       0x16 c:/winavr-20100110/bin/../lib/gcc/avr/4.3.3/avr5\libgcc.a(_copy_data.o)
                0x00000060                __do_copy_data
 .init4         0x00000076       0x10 c:/winavr-20100110/bin/../lib/gcc/avr/4.3.3/avr5\libgcc.a(_clear_bss.o)
                0x00000076                __do_clear_bss
 *(.init4)
 *(.init5)
 *(.init5)
 *(.init6)
 *(.init6)
 *(.init7)
 *(.init7)
 *(.init8)
 *(.init8)
 *(.init9)
 .init9         0x00000086        0x8 c:/winavr-20100110/bin/../lib/gcc/avr/4.3.3/../../../../avr/lib/avr5/crtm32.o
 *(.init9)
 *(.text)
 .text          0x0000008e        0x4 c:/winavr-20100110/bin/../lib/gcc/avr/4.3.3/../../../../avr/lib/avr5/crtm32.o
                0x0000008e                __bad_interrupt
                0x0000008e                __vector_3
                0x0000008e                __vector_17
                0x0000008e                __vector_19
                0x0000008e                __vector_15
                0x0000008e                __vector_8
                0x0000008e                __vector_14
                0x0000008e                __vector_18
                0x0000008e                __vector_20
 .text          0x00000092        0x0 ./ADC.o
 .text          0x00000092        0x0 ./DHT22.o
 .text          0x00000092        0x0 ./DIO.o
 .text          0x00000092        0x0 ./EXTERNAL_INTERRUPT.o
 .text          0x00000092        0x0 ./LCD.o
 .text          0x00000092        0x0 ./SPI.o
 .text          0x00000092        0x0 ./TIMER0.o
 .text          0x00000092        0x0 ./TIMER1.o
 .text          0x00000092        0x0 ./TIMER2.o
 .text          0x00000092        0x0 ./UART.o
 .text          0x00000092        0x0 ./ULTRASONIC.o
 .text          0x00000092        0x0 ./main.o
 .text          0x00000092        0x0 c:/winavr-20100110/bin/../lib/gcc/avr/4.3.3/avr5\libgcc.a(_udivmodhi4.o)
 .text          0x00000092        0x0 c:/winavr-20100110/bin/../lib/gcc/avr/4.3.3/avr5\libgcc.a(_divmodsi4.o)
 .text          0x00000092        0x0 c:/winavr-20100110/bin/../lib/gcc/avr/4.3.3/avr5\libgcc.a(_exit.o)
 .text          0x00000092        0x0 c:/winavr-20100110/bin/../lib/gcc/avr/4.3.3/avr5\libgcc.a(_copy_data.o)
 .text          0x00000092        0x0 c:/winavr-20100110/bin/../lib/gcc/avr/4.3.3/avr5\libgcc.a(_clear_bss.o)
 .text          0x00000092       0xfe c:/winavr-20100110/bin/../lib/gcc/avr/4.3.3/avr5\libgcc.a(_ashldi3.o)
                0x00000092                __ashldi3
 .text          0x00000190       0x58 c:/winavr-20100110/bin/../lib/gcc/avr/4.3.3/avr5\libgcc.a(_fixunssfsi.o)
                0x00000190                __fixunssfsi
 .text          0x000001e8      0xcea c:/winavr-20100110/bin/../lib/gcc/avr/4.3.3/avr5\libgcc.a(_udivdi3.o)
                0x000001e8                __udivdi3
 .text          0x00000ed2      0xce0 c:/winavr-20100110/bin/../lib/gcc/avr/4.3.3/avr5\libgcc.a(_umoddi3.o)
                0x00000ed2                __umoddi3
 .text          0x00001bb2      0x354 c:/winavr-20100110/bin/../lib/gcc/avr/4.3.3/avr5\libgcc.a(_addsub_sf.o)
                0x00001e4a                __subsf3
                0x00001eac                __addsf3
 .text          0x00001f06      0x1f4 c:/winavr-20100110/bin/../lib/gcc/avr/4.3.3/avr5\libgcc.a(_mul_sf.o)
                0x00001f06                __mulsf3
 .text          0x000020fa      0x158 c:/winavr-20100110/bin/../lib/gcc/avr/4.3.3/avr5\libgcc.a(_div_sf.o)
                0x000020fa                __divsf3
 .text          0x00002252       0x60 c:/winavr-20100110/bin/../lib/gcc/avr/4.3.3/avr5\libgcc.a(_gt_sf.o)
                0x00002252                __gtsf2
 .text          0x000022b2       0x60 c:/winavr-20100110/bin/../lib/gcc/avr/4.3.3/avr5\libgcc.a(_ge_sf.o)
                0x000022b2                __gesf2
 .text          0x00002312       0x60 c:/winavr-20100110/bin/../lib/gcc/avr/4.3.3/avr5\libgcc.a(_lt_sf.o)
                0x00002312                __ltsf2
 .text          0x00002372       0xa8 c:/winavr-20100110/bin/../lib/gcc/avr/4.3.3/avr5\libgcc.a(_sf_to_si.o)
                0x00002372                __fixsfsi
 .text          0x0000241a        0x0 c:/winavr-20100110/bin/../lib/gcc/avr/4.3.3/avr5\libgcc.a(_thenan_sf.o)
 .text          0x0000241a       0xf2 c:/winavr-20100110/bin/../lib/gcc/avr/4.3.3/avr5\libgcc.a(_usi_to_sf.o)
                0x0000241a                __floatunsisf
 .text          0x0000250c        0x0 c:/winavr-20100110/bin/../lib/gcc/avr/4.3.3/avr5\libgcc.a(_mulsi3.o)
 .text          0x0000250c        0x0 c:/winavr-20100110/bin/../lib/gcc/avr/4.3.3/avr5\libgcc.a(_udivmodsi4.o)
 .text          0x0000250c        0x0 c:/winavr-20100110/bin/../lib/gcc/avr/4.3.3/avr5\libgcc.a(_prologue.o)
 .text          0x0000250c        0x0 c:/winavr-20100110/bin/../lib/gcc/avr/4.3.3/avr5\libgcc.a(_epilogue.o)
 .text          0x0000250c        0x0 c:/winavr-20100110/bin/../lib/gcc/avr/4.3.3/avr5\libgcc.a(_clz.o)
 .text          0x0000250c       0x9e c:/winavr-20100110/bin/../lib/gcc/avr/4.3.3/avr5\libgcc.a(_clzsi2.o)
                0x0000250c                __clzsi2
 .text          0x000025aa      0x1aa c:/winavr-20100110/bin/../lib/gcc/avr/4.3.3/avr5\libgcc.a(_pack_sf.o)
                0x000025aa                __pack_f
 .text          0x00002754       0xf0 c:/winavr-20100110/bin/../lib/gcc/avr/4.3.3/avr5\libgcc.a(_unpack_sf.o)
                0x00002754                __unpack_f
 .text          0x00002844       0xb2 c:/winavr-20100110/bin/../lib/gcc/avr/4.3.3/avr5\libgcc.a(_fpcmp_parts_sf.o)
                0x00002844                __fpcmp_parts_f
                0x000028f6                . = ALIGN (0x2)
 *(.text.*)
 .text.__vector_16
                0x000028f6       0x5a ./ADC.o
                0x000028f6                __vector_16
 .text.ADC_VidInit
                0x00002950      0x2a2 ./ADC.o
                0x00002950                ADC_VidInit
 .text.ADC_VidSetCallback
                0x00002bf2       0x24 ./ADC.o
                0x00002bf2                ADC_VidSetCallback
 .text.ADC_u8GetResult
                0x00002c16       0x2a ./ADC.o
                0x00002c16                ADC_u8GetResult
 .text.ADC_u8StartConversion
                0x00002c40       0x32 ./ADC.o
                0x00002c40                ADC_u8StartConversion
 .text.DHT22_VidRequest
                0x00002c72      0x128 ./DHT22.o
                0x00002c72                DHT22_VidRequest
 .text.DHT22_VidResponse
                0x00002d9a       0x3c ./DHT22.o
                0x00002d9a                DHT22_VidResponse
 .text.DHT22_u8Receive_Data
                0x00002dd6       0x7a ./DHT22.o
                0x00002dd6                DHT22_u8Receive_Data
 .text.DIO_VidSetPortDirection
                0x00002e50       0x82 ./DIO.o
                0x00002e50                DIO_VidSetPortDirection
 .text.DIO_VidSetPortValue
                0x00002ed2       0x82 ./DIO.o
                0x00002ed2                DIO_VidSetPortValue
 .text.DIO_VidSetPinDirection
                0x00002f54      0x1e4 ./DIO.o
                0x00002f54                DIO_VidSetPinDirection
 .text.DIO_VidSetPinValue
                0x00003138      0x1e4 ./DIO.o
                0x00003138                DIO_VidSetPinValue
 .text.DIO_u8ReadPort
                0x0000331c       0x82 ./DIO.o
                0x0000331c                DIO_u8ReadPort
 .text.DIO_u8ReadPin
                0x0000339e       0xf2 ./DIO.o
                0x0000339e                DIO_u8ReadPin
 .text.__vector_1
                0x00003490       0x5a ./EXTERNAL_INTERRUPT.o
                0x00003490                __vector_1
 .text.__vector_2
                0x000034ea       0x5a ./EXTERNAL_INTERRUPT.o
                0x000034ea                __vector_2
 .text.EXTERNAL_INTERRUPT_VidInit
                0x00003544      0x196 ./EXTERNAL_INTERRUPT.o
                0x00003544                EXTERNAL_INTERRUPT_VidInit
 .text.EXTERNAL_INTERRUPT_VidSetCallbackINT0
                0x000036da       0x24 ./EXTERNAL_INTERRUPT.o
                0x000036da                EXTERNAL_INTERRUPT_VidSetCallbackINT0
 .text.EXTERNAL_INTERRUPT_VidSetCallbackINT1
                0x000036fe       0x24 ./EXTERNAL_INTERRUPT.o
                0x000036fe                EXTERNAL_INTERRUPT_VidSetCallbackINT1
 .text.EXTERNAL_INTERRUPT_VidDisableExternalInterrupt
                0x00003722       0x3e ./EXTERNAL_INTERRUPT.o
                0x00003722                EXTERNAL_INTERRUPT_VidDisableExternalInterrupt
 .text.LCD_VidInit
                0x00003760      0x3ee ./LCD.o
                0x00003760                LCD_VidInit
 .text.LCD_VidWriteChar
                0x00003b4e      0x220 ./LCD.o
                0x00003b4e                LCD_VidWriteChar
 .text.LCD_VidWriteCommand
                0x00003d6e      0x220 ./LCD.o
                0x00003d6e                LCD_VidWriteCommand
 .text.LCD_VidWriteString
                0x00003f8e       0x52 ./LCD.o
                0x00003f8e                LCD_VidWriteString
 .text.LCD_VidWriteNumber
                0x00003fe0      0x876 ./LCD.o
                0x00003fe0                LCD_VidWriteNumber
 .text.LCD_VidSetPosition
                0x00004856       0x36 ./LCD.o
                0x00004856                LCD_VidSetPosition
 .text.SPI_VidSetCallBack
                0x0000488c       0x24 ./SPI.o
                0x0000488c                SPI_VidSetCallBack
 .text.__vector_12
                0x000048b0       0x5a ./SPI.o
                0x000048b0                __vector_12
 .text.SPI_VidInit
                0x0000490a      0x36e ./SPI.o
                0x0000490a                SPI_VidInit
 .text.SPI_u8SendToMaster
                0x00004c78       0x22 ./SPI.o
                0x00004c78                SPI_u8SendToMaster
 .text.SPI_u8SendToSlave
                0x00004c9a       0x2c ./SPI.o
                0x00004c9a                SPI_u8SendToSlave
 .text.SPI_u8Transfer_Data_Master
                0x00004cc6       0x36 ./SPI.o
                0x00004cc6                SPI_u8Transfer_Data_Master
 .text.SPI_u8Transfer_Data_Slave
                0x00004cfc       0x2c ./SPI.o
                0x00004cfc                SPI_u8Transfer_Data_Slave
 .text.__vector_11
                0x00004d28       0x5a ./TIMER0.o
                0x00004d28                __vector_11
 .text.__vector_10
                0x00004d82       0x5a ./TIMER0.o
                0x00004d82                __vector_10
 .text.TIMER0_VidOverFlowInit
                0x00004ddc       0xc2 ./TIMER0.o
                0x00004ddc                TIMER0_VidOverFlowInit
 .text.TIMER0_VidCTCInit
                0x00004e9e       0xdc ./TIMER0.o
                0x00004e9e                TIMER0_VidCTCInit
 .text.TIMER0_VidSetOverFlowInitialValue
                0x00004f7a       0x1c ./TIMER0.o
                0x00004f7a                TIMER0_VidSetOverFlowInitialValue
 .text.TIMER0_u8GetOverflowFlag
                0x00004f96       0x16 ./TIMER0.o
                0x00004f96                TIMER0_u8GetOverflowFlag
 .text.TIMER0_VidClrFlags
                0x00004fac       0x2a ./TIMER0.o
                0x00004fac                TIMER0_VidClrFlags
 .text.TIMER0_u8GetCTCFlag
                0x00004fd6       0x18 ./TIMER0.o
                0x00004fd6                TIMER0_u8GetCTCFlag
 .text.TIMER0_VidFastPWMSetT_totalOverFlow
                0x00004fee       0xce ./TIMER0.o
                0x00004fee                TIMER0_VidFastPWMSetT_totalOverFlow
 .text.TIMER0_VidSetT_on
                0x000050bc       0x1c ./TIMER0.o
                0x000050bc                TIMER0_VidSetT_on
 .text.TIMER0_VidSetCallbackOverflow
                0x000050d8       0x24 ./TIMER0.o
                0x000050d8                TIMER0_VidSetCallbackOverflow
 .text.TIMER0_VidSetCallbackCTC
                0x000050fc       0x24 ./TIMER0.o
                0x000050fc                TIMER0_VidSetCallbackCTC
 .text.TIMER0_u8GetCounter
                0x00005120       0x14 ./TIMER0.o
                0x00005120                TIMER0_u8GetCounter
 .text.TIMER0_VidDisableOverFlowInterrupt
                0x00005134       0x1c ./TIMER0.o
                0x00005134                TIMER0_VidDisableOverFlowInterrupt
 .text.TIMER0_VidDisableCTCInterrupt
                0x00005150       0x1c ./TIMER0.o
                0x00005150                TIMER0_VidDisableCTCInterrupt
 .text.__vector_9
                0x0000516c       0x5a ./TIMER1.o
                0x0000516c                __vector_9
 .text.__vector_7
                0x000051c6       0x5a ./TIMER1.o
                0x000051c6                __vector_7
 .text.__vector_6
                0x00005220       0x5a ./TIMER1.o
                0x00005220                __vector_6
 .text.TIMER1_VidOverFlowInit
                0x0000527a       0xc8 ./TIMER1.o
                0x0000527a                TIMER1_VidOverFlowInit
 .text.TIMER1_VidCTCInit
                0x00005342       0xee ./TIMER1.o
                0x00005342                TIMER1_VidCTCInit
 .text.TIMER1_VidSetOverFlowInitialValue
                0x00005430       0x24 ./TIMER1.o
                0x00005430                TIMER1_VidSetOverFlowInitialValue
 .text.TIMER1_u8GetOverflowFlag
                0x00005454       0x1a ./TIMER1.o
                0x00005454                TIMER1_u8GetOverflowFlag
 .text.TIMER1_u8GetCTCFlag
                0x0000546e       0x1a ./TIMER1.o
                0x0000546e                TIMER1_u8GetCTCFlag
 .text.TIMER1_VidClrFlags
                0x00005488       0x2a ./TIMER1.o
                0x00005488                TIMER1_VidClrFlags
 .text.TIMER1_VidFastPWMSetT_totalCTC
                0x000054b2       0xda ./TIMER1.o
                0x000054b2                TIMER1_VidFastPWMSetT_totalCTC
 .text.TIMER1_VidSetT_on
                0x0000558c       0x74 ./TIMER1.o
                0x0000558c                TIMER1_VidSetT_on
 .text.TIMER1_VidSetCallbackOverflow
                0x00005600       0x24 ./TIMER1.o
                0x00005600                TIMER1_VidSetCallbackOverflow
 .text.TIMER1_VidSetCallbackCTC
                0x00005624       0x24 ./TIMER1.o
                0x00005624                TIMER1_VidSetCallbackCTC
 .text.TIMER1_VidSetCallbackInputCaptureUnit
                0x00005648       0x24 ./TIMER1.o
                0x00005648                TIMER1_VidSetCallbackInputCaptureUnit
 .text.TIMER1_u16GetCounter
                0x0000566c       0x16 ./TIMER1.o
                0x0000566c                TIMER1_u16GetCounter
 .text.TIMER1_VidInputCaptureUnitInit
                0x00005682       0x64 ./TIMER1.o
                0x00005682                TIMER1_VidInputCaptureUnitInit
 .text.TIMER1_VidClrInputCaptureUnitFlag
                0x000056e6       0x1c ./TIMER1.o
                0x000056e6                TIMER1_VidClrInputCaptureUnitFlag
 .text.TIMER1_u16GetInputCaptureUnitRegister
                0x00005702       0x16 ./TIMER1.o
                0x00005702                TIMER1_u16GetInputCaptureUnitRegister
 .text.TIMER1_VidDisableInputCaptureUnitInterrupt
                0x00005718       0x1c ./TIMER1.o
                0x00005718                TIMER1_VidDisableInputCaptureUnitInterrupt
 .text.TIMER1_VidDisableOverFlowInterrupt
                0x00005734       0x1c ./TIMER1.o
                0x00005734                TIMER1_VidDisableOverFlowInterrupt
 .text.TIMER1_VidDisableCTCInterrupt
                0x00005750       0x1c ./TIMER1.o
                0x00005750                TIMER1_VidDisableCTCInterrupt
 .text.TIMER1_VidSetInputCaptureUnitPrepheralInterupt
                0x0000576c       0x1c ./TIMER1.o
                0x0000576c                TIMER1_VidSetInputCaptureUnitPrepheralInterupt
 .text.TIMER1_VidSetOverFlowPrepheralInterupt
                0x00005788       0x1c ./TIMER1.o
                0x00005788                TIMER1_VidSetOverFlowPrepheralInterupt
 .text.TIMER1_VidSetCtcPrepheralInterupt
                0x000057a4       0x1c ./TIMER1.o
                0x000057a4                TIMER1_VidSetCtcPrepheralInterupt
 .text.__vector_5
                0x000057c0       0x5a ./TIMER2.o
                0x000057c0                __vector_5
 .text.__vector_4
                0x0000581a       0x5a ./TIMER2.o
                0x0000581a                __vector_4
 .text.TIMER2_VidOverFlowInit
                0x00005874       0xea ./TIMER2.o
                0x00005874                TIMER2_VidOverFlowInit
 .text.TIMER2_VidCTCInit
                0x0000595e      0x104 ./TIMER2.o
                0x0000595e                TIMER2_VidCTCInit
 .text.TIMER2_VidSetOverFlowInitialValue
                0x00005a62       0x1c ./TIMER2.o
                0x00005a62                TIMER2_VidSetOverFlowInitialValue
 .text.TIMER2_u8GetOverflowFlag
                0x00005a7e       0x1e ./TIMER2.o
                0x00005a7e                TIMER2_u8GetOverflowFlag
 .text.TIMER2_u8GetCTCFlag
                0x00005a9c       0x1a ./TIMER2.o
                0x00005a9c                TIMER2_u8GetCTCFlag
 .text.TIMER2_VidClrFlags
                0x00005ab6       0x2a ./TIMER2.o
                0x00005ab6                TIMER2_VidClrFlags
 .text.TIMER2_VidFastPWMSetT_totalOverFlow
                0x00005ae0       0xf6 ./TIMER2.o
                0x00005ae0                TIMER2_VidFastPWMSetT_totalOverFlow
 .text.TIMER2_VidSetT_on
                0x00005bd6       0x1c ./TIMER2.o
                0x00005bd6                TIMER2_VidSetT_on
 .text.TIMER2_VidSetCallbackOverflow
                0x00005bf2       0x24 ./TIMER2.o
                0x00005bf2                TIMER2_VidSetCallbackOverflow
 .text.TIMER2_VidSetCallbackCTC
                0x00005c16       0x24 ./TIMER2.o
                0x00005c16                TIMER2_VidSetCallbackCTC
 .text.TIMER2_u8GetCounter
                0x00005c3a       0x14 ./TIMER2.o
                0x00005c3a                TIMER2_u8GetCounter
 .text.TIMER2_VidDisableOverFlowInterrupt
                0x00005c4e       0x1c ./TIMER2.o
                0x00005c4e                TIMER2_VidDisableOverFlowInterrupt
 .text.TIMER2_VidDisableCTCInterrupt
                0x00005c6a       0x1c ./TIMER2.o
                0x00005c6a                TIMER2_VidDisableCTCInterrupt
 .text.__vector_13
                0x00005c86       0x5a ./UART.o
                0x00005c86                __vector_13
 .text.UART_VidSetCallbackReceiveComplete
                0x00005ce0       0x24 ./UART.o
                0x00005ce0                UART_VidSetCallbackReceiveComplete
 .text.UART_VidInit
                0x00005d04       0x9c ./UART.o
                0x00005d04                UART_VidInit
 .text.UART_u8GetMessage
                0x00005da0       0x14 ./UART.o
                0x00005da0                UART_u8GetMessage
 .text.UART_u8GetRecieveCompleteFlag
                0x00005db4       0x1a ./UART.o
                0x00005db4                UART_u8GetRecieveCompleteFlag
 .text.UART_VidSend
                0x00005dce       0x34 ./UART.o
                0x00005dce                UART_VidSend
 .text.ULTRASONIC_VidTimer1Callback
                0x00005e02       0x18 ./ULTRASONIC.o
                0x00005e02                ULTRASONIC_VidTimer1Callback
 .text.ULTRASONIC_VidTimer0Callback
                0x00005e1a       0x5a ./ULTRASONIC.o
                0x00005e1a                ULTRASONIC_VidTimer0Callback
 .text.ULTRASONIC_VidICUCallback
                0x00005e74       0x88 ./ULTRASONIC.o
                0x00005e74                ULTRASONIC_VidICUCallback
 .text.ULTRASONIC_VidINT0Callback
                0x00005efc       0xa2 ./ULTRASONIC.o
                0x00005efc                ULTRASONIC_VidINT0Callback
 .text.ULTRASONIC_VidINT1Callback
                0x00005f9e       0xa2 ./ULTRASONIC.o
                0x00005f9e                ULTRASONIC_VidINT1Callback
 .text.ULTRASONIC_VidINT0Init
                0x00006040      0x136 ./ULTRASONIC.o
                0x00006040                ULTRASONIC_VidINT0Init
 .text.ULTRASONIC_u8INT0GetDistance
                0x00006176      0x26e ./ULTRASONIC.o
                0x00006176                ULTRASONIC_u8INT0GetDistance
 .text.ULTRASONIC_VidICUInit
                0x000063e4       0x38 ./ULTRASONIC.o
                0x000063e4                ULTRASONIC_VidICUInit
 .text.ULTRASONIC_u8ICUGetDistance
                0x0000641c      0x27e ./ULTRASONIC.o
                0x0000641c                ULTRASONIC_u8ICUGetDistance
 .text.ULTRASONIC_VidINT1Init
                0x0000669a      0x136 ./ULTRASONIC.o
                0x0000669a                ULTRASONIC_VidINT1Init
 .text.ULTRASONIC_u8INT1GetDistance
                0x000067d0      0x26e ./ULTRASONIC.o
                0x000067d0                ULTRASONIC_u8INT1GetDistance
 .text.CheckFalling_CallBack
                0x00006a3e       0x18 ./main.o
                0x00006a3e                CheckFalling_CallBack
 .text.main     0x00006a56      0xb6c ./main.o
                0x00006a56                main
 .text.libgcc   0x000075c2       0x28 c:/winavr-20100110/bin/../lib/gcc/avr/4.3.3/avr5\libgcc.a(_udivmodhi4.o)
                0x000075c2                __udivmodhi4
 .text.libgcc   0x000075ea       0x36 c:/winavr-20100110/bin/../lib/gcc/avr/4.3.3/avr5\libgcc.a(_divmodsi4.o)
                0x000075ea                __divmodsi4
 .text.libgcc   0x00007620        0x0 c:/winavr-20100110/bin/../lib/gcc/avr/4.3.3/avr5\libgcc.a(_exit.o)
 .text.libgcc   0x00007620        0x0 c:/winavr-20100110/bin/../lib/gcc/avr/4.3.3/avr5\libgcc.a(_copy_data.o)
 .text.libgcc   0x00007620        0x0 c:/winavr-20100110/bin/../lib/gcc/avr/4.3.3/avr5\libgcc.a(_clear_bss.o)
 .text.libgcc   0x00007620       0x3e c:/winavr-20100110/bin/../lib/gcc/avr/4.3.3/avr5\libgcc.a(_mulsi3.o)
                0x00007620                __mulsi3
 .text.libgcc   0x0000765e       0x44 c:/winavr-20100110/bin/../lib/gcc/avr/4.3.3/avr5\libgcc.a(_udivmodsi4.o)
                0x0000765e                __udivmodsi4
 .text.libgcc   0x000076a2       0x38 c:/winavr-20100110/bin/../lib/gcc/avr/4.3.3/avr5\libgcc.a(_prologue.o)
                0x000076a2                __prologue_saves__
 .text.libgcc   0x000076da       0x36 c:/winavr-20100110/bin/../lib/gcc/avr/4.3.3/avr5\libgcc.a(_epilogue.o)
                0x000076da                __epilogue_restores__
                0x00007710                . = ALIGN (0x2)
 *(.fini9)
 .fini9         0x00007710        0x0 c:/winavr-20100110/bin/../lib/gcc/avr/4.3.3/avr5\libgcc.a(_exit.o)
                0x00007710                exit
                0x00007710                _exit
 *(.fini9)
 *(.fini8)
 *(.fini8)
 *(.fini7)
 *(.fini7)
 *(.fini6)
 *(.fini6)
 *(.fini5)
 *(.fini5)
 *(.fini4)
 *(.fini4)
 *(.fini3)
 *(.fini3)
 *(.fini2)
 *(.fini2)
 *(.fini1)
 *(.fini1)
 *(.fini0)
 .fini0         0x00007710        0x4 c:/winavr-20100110/bin/../lib/gcc/avr/4.3.3/avr5\libgcc.a(_exit.o)
 *(.fini0)
                0x00007714                _etext = .

.data           0x00800060      0x110 load address 0x00007714
                0x00800060                PROVIDE (__data_start, .)
 *(.data)
 .data          0x00800060        0x0 c:/winavr-20100110/bin/../lib/gcc/avr/4.3.3/../../../../avr/lib/avr5/crtm32.o
 .data          0x00800060        0x0 ./ADC.o
 .data          0x00800060        0x0 ./DHT22.o
 .data          0x00800060        0x0 ./DIO.o
 .data          0x00800060        0x0 ./EXTERNAL_INTERRUPT.o
 .data          0x00800060        0x0 ./LCD.o
 .data          0x00800060        0x0 ./SPI.o
 .data          0x00800060        0x0 ./TIMER0.o
 .data          0x00800060        0x0 ./TIMER1.o
 .data          0x00800060        0x0 ./TIMER2.o
 .data          0x00800060        0x0 ./UART.o
 .data          0x00800060        0x0 ./ULTRASONIC.o
 .data          0x00800060        0x7 ./main.o
 .data          0x00800067        0x0 c:/winavr-20100110/bin/../lib/gcc/avr/4.3.3/avr5\libgcc.a(_udivmodhi4.o)
 .data          0x00800067        0x0 c:/winavr-20100110/bin/../lib/gcc/avr/4.3.3/avr5\libgcc.a(_divmodsi4.o)
 .data          0x00800067        0x0 c:/winavr-20100110/bin/../lib/gcc/avr/4.3.3/avr5\libgcc.a(_exit.o)
 .data          0x00800067        0x0 c:/winavr-20100110/bin/../lib/gcc/avr/4.3.3/avr5\libgcc.a(_copy_data.o)
 .data          0x00800067        0x0 c:/winavr-20100110/bin/../lib/gcc/avr/4.3.3/avr5\libgcc.a(_clear_bss.o)
 .data          0x00800067        0x0 c:/winavr-20100110/bin/../lib/gcc/avr/4.3.3/avr5\libgcc.a(_ashldi3.o)
 .data          0x00800067        0x0 c:/winavr-20100110/bin/../lib/gcc/avr/4.3.3/avr5\libgcc.a(_fixunssfsi.o)
 .data          0x00800067        0x0 c:/winavr-20100110/bin/../lib/gcc/avr/4.3.3/avr5\libgcc.a(_udivdi3.o)
 .data          0x00800067        0x0 c:/winavr-20100110/bin/../lib/gcc/avr/4.3.3/avr5\libgcc.a(_umoddi3.o)
 .data          0x00800067        0x0 c:/winavr-20100110/bin/../lib/gcc/avr/4.3.3/avr5\libgcc.a(_addsub_sf.o)
 .data          0x00800067        0x0 c:/winavr-20100110/bin/../lib/gcc/avr/4.3.3/avr5\libgcc.a(_mul_sf.o)
 .data          0x00800067        0x0 c:/winavr-20100110/bin/../lib/gcc/avr/4.3.3/avr5\libgcc.a(_div_sf.o)
 .data          0x00800067        0x0 c:/winavr-20100110/bin/../lib/gcc/avr/4.3.3/avr5\libgcc.a(_gt_sf.o)
 .data          0x00800067        0x0 c:/winavr-20100110/bin/../lib/gcc/avr/4.3.3/avr5\libgcc.a(_ge_sf.o)
 .data          0x00800067        0x0 c:/winavr-20100110/bin/../lib/gcc/avr/4.3.3/avr5\libgcc.a(_lt_sf.o)
 .data          0x00800067        0x0 c:/winavr-20100110/bin/../lib/gcc/avr/4.3.3/avr5\libgcc.a(_sf_to_si.o)
 .data          0x00800067        0x8 c:/winavr-20100110/bin/../lib/gcc/avr/4.3.3/avr5\libgcc.a(_thenan_sf.o)
                0x00800067                __thenan_sf
 .data          0x0080006f        0x0 c:/winavr-20100110/bin/../lib/gcc/avr/4.3.3/avr5\libgcc.a(_usi_to_sf.o)
 .data          0x0080006f        0x0 c:/winavr-20100110/bin/../lib/gcc/avr/4.3.3/avr5\libgcc.a(_mulsi3.o)
 .data          0x0080006f        0x0 c:/winavr-20100110/bin/../lib/gcc/avr/4.3.3/avr5\libgcc.a(_udivmodsi4.o)
 .data          0x0080006f        0x0 c:/winavr-20100110/bin/../lib/gcc/avr/4.3.3/avr5\libgcc.a(_prologue.o)
 .data          0x0080006f        0x0 c:/winavr-20100110/bin/../lib/gcc/avr/4.3.3/avr5\libgcc.a(_epilogue.o)
 .data          0x0080006f      0x100 c:/winavr-20100110/bin/../lib/gcc/avr/4.3.3/avr5\libgcc.a(_clz.o)
                0x0080006f                __clz_tab
 .data          0x0080016f        0x0 c:/winavr-20100110/bin/../lib/gcc/avr/4.3.3/avr5\libgcc.a(_clzsi2.o)
 .data          0x0080016f        0x0 c:/winavr-20100110/bin/../lib/gcc/avr/4.3.3/avr5\libgcc.a(_pack_sf.o)
 .data          0x0080016f        0x0 c:/winavr-20100110/bin/../lib/gcc/avr/4.3.3/avr5\libgcc.a(_unpack_sf.o)
 .data          0x0080016f        0x0 c:/winavr-20100110/bin/../lib/gcc/avr/4.3.3/avr5\libgcc.a(_fpcmp_parts_sf.o)
 *(.data*)
 *(.rodata)
 *(.rodata*)
 *(.gnu.linkonce.d*)
                0x00800170                . = ALIGN (0x2)
 *fill*         0x0080016f        0x1 00
                0x00800170                _edata = .
                0x00800170                PROVIDE (__data_end, .)

.bss            0x00800170       0x2d
                0x00800170                PROVIDE (__bss_start, .)
 *(.bss)
 .bss           0x00800170        0x0 c:/winavr-20100110/bin/../lib/gcc/avr/4.3.3/../../../../avr/lib/avr5/crtm32.o
 .bss           0x00800170        0x0 ./ADC.o
 .bss           0x00800170        0x0 ./DHT22.o
 .bss           0x00800170        0x0 ./DIO.o
 .bss           0x00800170        0x0 ./EXTERNAL_INTERRUPT.o
 .bss           0x00800170        0x0 ./LCD.o
 .bss           0x00800170        0x0 ./SPI.o
 .bss           0x00800170        0x0 ./TIMER0.o
 .bss           0x00800170        0x0 ./TIMER1.o
 .bss           0x00800170        0x0 ./TIMER2.o
 .bss           0x00800170        0x0 ./UART.o
 .bss           0x00800170        0x0 ./ULTRASONIC.o
 .bss           0x00800170        0x0 ./main.o
 .bss           0x00800170        0x0 c:/winavr-20100110/bin/../lib/gcc/avr/4.3.3/avr5\libgcc.a(_udivmodhi4.o)
 .bss           0x00800170        0x0 c:/winavr-20100110/bin/../lib/gcc/avr/4.3.3/avr5\libgcc.a(_divmodsi4.o)
 .bss           0x00800170        0x0 c:/winavr-20100110/bin/../lib/gcc/avr/4.3.3/avr5\libgcc.a(_exit.o)
 .bss           0x00800170        0x0 c:/winavr-20100110/bin/../lib/gcc/avr/4.3.3/avr5\libgcc.a(_copy_data.o)
 .bss           0x00800170        0x0 c:/winavr-20100110/bin/../lib/gcc/avr/4.3.3/avr5\libgcc.a(_clear_bss.o)
 .bss           0x00800170        0x0 c:/winavr-20100110/bin/../lib/gcc/avr/4.3.3/avr5\libgcc.a(_ashldi3.o)
 .bss           0x00800170        0x0 c:/winavr-20100110/bin/../lib/gcc/avr/4.3.3/avr5\libgcc.a(_fixunssfsi.o)
 .bss           0x00800170        0x0 c:/winavr-20100110/bin/../lib/gcc/avr/4.3.3/avr5\libgcc.a(_udivdi3.o)
 .bss           0x00800170        0x0 c:/winavr-20100110/bin/../lib/gcc/avr/4.3.3/avr5\libgcc.a(_umoddi3.o)
 .bss           0x00800170        0x0 c:/winavr-20100110/bin/../lib/gcc/avr/4.3.3/avr5\libgcc.a(_addsub_sf.o)
 .bss           0x00800170        0x0 c:/winavr-20100110/bin/../lib/gcc/avr/4.3.3/avr5\libgcc.a(_mul_sf.o)
 .bss           0x00800170        0x0 c:/winavr-20100110/bin/../lib/gcc/avr/4.3.3/avr5\libgcc.a(_div_sf.o)
 .bss           0x00800170        0x0 c:/winavr-20100110/bin/../lib/gcc/avr/4.3.3/avr5\libgcc.a(_gt_sf.o)
 .bss           0x00800170        0x0 c:/winavr-20100110/bin/../lib/gcc/avr/4.3.3/avr5\libgcc.a(_ge_sf.o)
 .bss           0x00800170        0x0 c:/winavr-20100110/bin/../lib/gcc/avr/4.3.3/avr5\libgcc.a(_lt_sf.o)
 .bss           0x00800170        0x0 c:/winavr-20100110/bin/../lib/gcc/avr/4.3.3/avr5\libgcc.a(_sf_to_si.o)
 .bss           0x00800170        0x0 c:/winavr-20100110/bin/../lib/gcc/avr/4.3.3/avr5\libgcc.a(_thenan_sf.o)
 .bss           0x00800170        0x0 c:/winavr-20100110/bin/../lib/gcc/avr/4.3.3/avr5\libgcc.a(_usi_to_sf.o)
 .bss           0x00800170        0x0 c:/winavr-20100110/bin/../lib/gcc/avr/4.3.3/avr5\libgcc.a(_mulsi3.o)
 .bss           0x00800170        0x0 c:/winavr-20100110/bin/../lib/gcc/avr/4.3.3/avr5\libgcc.a(_udivmodsi4.o)
 .bss           0x00800170        0x0 c:/winavr-20100110/bin/../lib/gcc/avr/4.3.3/avr5\libgcc.a(_prologue.o)
 .bss           0x00800170        0x0 c:/winavr-20100110/bin/../lib/gcc/avr/4.3.3/avr5\libgcc.a(_epilogue.o)
 .bss           0x00800170        0x0 c:/winavr-20100110/bin/../lib/gcc/avr/4.3.3/avr5\libgcc.a(_clz.o)
 .bss           0x00800170        0x0 c:/winavr-20100110/bin/../lib/gcc/avr/4.3.3/avr5\libgcc.a(_clzsi2.o)
 .bss           0x00800170        0x0 c:/winavr-20100110/bin/../lib/gcc/avr/4.3.3/avr5\libgcc.a(_pack_sf.o)
 .bss           0x00800170        0x0 c:/winavr-20100110/bin/../lib/gcc/avr/4.3.3/avr5\libgcc.a(_unpack_sf.o)
 .bss           0x00800170        0x0 c:/winavr-20100110/bin/../lib/gcc/avr/4.3.3/avr5\libgcc.a(_fpcmp_parts_sf.o)
 *(.bss*)
 .bss.Receive_Data
                0x00800170        0x1 ./DHT22.o
                0x00800170                Receive_Data
 .bss.u32Timer0OverFlowCounter
                0x00800171        0x4 ./ULTRASONIC.o
                0x00800171                u32Timer0OverFlowCounter
 .bss.u8Timer1OverFlowCounter
                0x00800175        0x1 ./ULTRASONIC.o
                0x00800175                u8Timer1OverFlowCounter
 .bss.u32Timer2OverFlowCounter
                0x00800176        0x4 ./ULTRASONIC.o
                0x00800176                u32Timer2OverFlowCounter
 .bss.u8flag    0x0080017a        0x1 ./ULTRASONIC.o
                0x0080017a                u8flag
 .bss.u32snap1  0x0080017b        0x4 ./ULTRASONIC.o
                0x0080017b                u32snap1
 .bss.u32snap2  0x0080017f        0x4 ./ULTRASONIC.o
                0x0080017f                u32snap2
 .bss.u8CheckICU
                0x00800183        0x1 ./ULTRASONIC.o
                0x00800183                u8CheckICU
 .bss.flag      0x00800184        0x1 ./main.o
                0x00800184                flag
 *(COMMON)
 COMMON         0x00800185        0x2 ./ADC.o
                0x00800185                ADC_ISR
 COMMON         0x00800187        0x4 ./EXTERNAL_INTERRUPT.o
                0x00800187                EXTERNAL_INTERRUPTI_ISR0
                0x00800189                EXTERNAL_INTERRUPTI_ISR1
 COMMON         0x0080018b        0x2 ./SPI.o
                0x0080018b                SPI
 COMMON         0x0080018d        0x4 ./TIMER0.o
                0x0080018d                TIMER0_ISR1
                0x0080018f                TIMER0_ISR0
 COMMON         0x00800191        0x6 ./TIMER1.o
                0x00800191                TIMER1_ISR2
                0x00800193                TIMER1_ISR0
                0x00800195                TIMER1_ISR1
 COMMON         0x00800197        0x4 ./TIMER2.o
                0x00800197                TIMER2_ISR1
                0x00800199                TIMER2_ISR0
 COMMON         0x0080019b        0x2 ./UART.o
                0x0080019b                UART_ISR
                0x0080019d                PROVIDE (__bss_end, .)
                0x00007714                __data_load_start = LOADADDR (.data)
                0x00007824                __data_load_end = (__data_load_start + SIZEOF (.data))

.noinit         0x0080019d        0x0
                0x0080019d                PROVIDE (__noinit_start, .)
 *(.noinit*)
                0x0080019d                PROVIDE (__noinit_end, .)
                0x0080019d                _end = .
                0x0080019d                PROVIDE (__heap_start, .)

.eeprom         0x00810000        0x0
 *(.eeprom*)
                0x00810000                __eeprom_end = .

.fuse
 *(.fuse)
 *(.lfuse)
 *(.hfuse)
 *(.efuse)

.lock
 *(.lock*)

.signature
 *(.signature*)

.stab           0x00000000     0x4c20
 *(.stab)
 .stab          0x00000000      0x498 ./ADC.o
 .stab          0x00000498      0x4c8 ./DHT22.o
                                0x558 (size before relaxing)
 .stab          0x00000960      0x540 ./DIO.o
                                0x5d0 (size before relaxing)
 .stab          0x00000ea0      0x390 ./EXTERNAL_INTERRUPT.o
                                0x420 (size before relaxing)
 .stab          0x00001230      0x9a8 ./LCD.o
                                0xbc4 (size before relaxing)
 .stab          0x00001bd8      0x588 ./SPI.o
                                0x618 (size before relaxing)
 .stab          0x00002160      0x594 ./TIMER0.o
                                0x624 (size before relaxing)
 .stab          0x000026f4      0x834 ./TIMER1.o
                                0x8c4 (size before relaxing)
 .stab          0x00002f28      0x5dc ./TIMER2.o
                                0x66c (size before relaxing)
 .stab          0x00003504      0x2b8 ./UART.o
                                0x348 (size before relaxing)
 .stab          0x000037bc      0xabc ./ULTRASONIC.o
                                0xcd8 (size before relaxing)
 .stab          0x00004278      0x9a8 ./main.o
                                0xbc4 (size before relaxing)

.stabstr        0x00000000     0x19f9
 *(.stabstr)
 .stabstr       0x00000000     0x19f9 ./ADC.o

.stab.excl
 *(.stab.excl)

.stab.exclstr
 *(.stab.exclstr)

.stab.index
 *(.stab.index)

.stab.indexstr
 *(.stab.indexstr)

.comment
 *(.comment)

.debug
 *(.debug)

.line
 *(.line)

.debug_srcinfo
 *(.debug_srcinfo)

.debug_sfnames
 *(.debug_sfnames)

.debug_aranges  0x00000000      0x200
 *(.debug_aranges)
 .debug_aranges
                0x00000000       0x20 c:/winavr-20100110/bin/../lib/gcc/avr/4.3.3/avr5\libgcc.a(_ashldi3.o)
 .debug_aranges
                0x00000020       0x20 c:/winavr-20100110/bin/../lib/gcc/avr/4.3.3/avr5\libgcc.a(_fixunssfsi.o)
 .debug_aranges
                0x00000040       0x20 c:/winavr-20100110/bin/../lib/gcc/avr/4.3.3/avr5\libgcc.a(_udivdi3.o)
 .debug_aranges
                0x00000060       0x20 c:/winavr-20100110/bin/../lib/gcc/avr/4.3.3/avr5\libgcc.a(_umoddi3.o)
 .debug_aranges
                0x00000080       0x20 c:/winavr-20100110/bin/../lib/gcc/avr/4.3.3/avr5\libgcc.a(_addsub_sf.o)
 .debug_aranges
                0x000000a0       0x20 c:/winavr-20100110/bin/../lib/gcc/avr/4.3.3/avr5\libgcc.a(_mul_sf.o)
 .debug_aranges
                0x000000c0       0x20 c:/winavr-20100110/bin/../lib/gcc/avr/4.3.3/avr5\libgcc.a(_div_sf.o)
 .debug_aranges
                0x000000e0       0x20 c:/winavr-20100110/bin/../lib/gcc/avr/4.3.3/avr5\libgcc.a(_gt_sf.o)
 .debug_aranges
                0x00000100       0x20 c:/winavr-20100110/bin/../lib/gcc/avr/4.3.3/avr5\libgcc.a(_ge_sf.o)
 .debug_aranges
                0x00000120       0x20 c:/winavr-20100110/bin/../lib/gcc/avr/4.3.3/avr5\libgcc.a(_lt_sf.o)
 .debug_aranges
                0x00000140       0x20 c:/winavr-20100110/bin/../lib/gcc/avr/4.3.3/avr5\libgcc.a(_sf_to_si.o)
 .debug_aranges
                0x00000160       0x20 c:/winavr-20100110/bin/../lib/gcc/avr/4.3.3/avr5\libgcc.a(_usi_to_sf.o)
 .debug_aranges
                0x00000180       0x20 c:/winavr-20100110/bin/../lib/gcc/avr/4.3.3/avr5\libgcc.a(_clzsi2.o)
 .debug_aranges
                0x000001a0       0x20 c:/winavr-20100110/bin/../lib/gcc/avr/4.3.3/avr5\libgcc.a(_pack_sf.o)
 .debug_aranges
                0x000001c0       0x20 c:/winavr-20100110/bin/../lib/gcc/avr/4.3.3/avr5\libgcc.a(_unpack_sf.o)
 .debug_aranges
                0x000001e0       0x20 c:/winavr-20100110/bin/../lib/gcc/avr/4.3.3/avr5\libgcc.a(_fpcmp_parts_sf.o)

.debug_pubnames
                0x00000000      0x252
 *(.debug_pubnames)
 .debug_pubnames
                0x00000000       0x20 c:/winavr-20100110/bin/../lib/gcc/avr/4.3.3/avr5\libgcc.a(_ashldi3.o)
 .debug_pubnames
                0x00000020       0x23 c:/winavr-20100110/bin/../lib/gcc/avr/4.3.3/avr5\libgcc.a(_fixunssfsi.o)
 .debug_pubnames
                0x00000043       0x20 c:/winavr-20100110/bin/../lib/gcc/avr/4.3.3/avr5\libgcc.a(_udivdi3.o)
 .debug_pubnames
                0x00000063       0x20 c:/winavr-20100110/bin/../lib/gcc/avr/4.3.3/avr5\libgcc.a(_umoddi3.o)
 .debug_pubnames
                0x00000083       0x2c c:/winavr-20100110/bin/../lib/gcc/avr/4.3.3/avr5\libgcc.a(_addsub_sf.o)
 .debug_pubnames
                0x000000af       0x1f c:/winavr-20100110/bin/../lib/gcc/avr/4.3.3/avr5\libgcc.a(_mul_sf.o)
 .debug_pubnames
                0x000000ce       0x1f c:/winavr-20100110/bin/../lib/gcc/avr/4.3.3/avr5\libgcc.a(_div_sf.o)
 .debug_pubnames
                0x000000ed       0x1e c:/winavr-20100110/bin/../lib/gcc/avr/4.3.3/avr5\libgcc.a(_gt_sf.o)
 .debug_pubnames
                0x0000010b       0x1e c:/winavr-20100110/bin/../lib/gcc/avr/4.3.3/avr5\libgcc.a(_ge_sf.o)
 .debug_pubnames
                0x00000129       0x1e c:/winavr-20100110/bin/../lib/gcc/avr/4.3.3/avr5\libgcc.a(_lt_sf.o)
 .debug_pubnames
                0x00000147       0x20 c:/winavr-20100110/bin/../lib/gcc/avr/4.3.3/avr5\libgcc.a(_sf_to_si.o)
 .debug_pubnames
                0x00000167       0x22 c:/winavr-20100110/bin/../lib/gcc/avr/4.3.3/avr5\libgcc.a(_thenan_sf.o)
 .debug_pubnames
                0x00000189       0x24 c:/winavr-20100110/bin/../lib/gcc/avr/4.3.3/avr5\libgcc.a(_usi_to_sf.o)
 .debug_pubnames
                0x000001ad       0x20 c:/winavr-20100110/bin/../lib/gcc/avr/4.3.3/avr5\libgcc.a(_clz.o)
 .debug_pubnames
                0x000001cd       0x1f c:/winavr-20100110/bin/../lib/gcc/avr/4.3.3/avr5\libgcc.a(_clzsi2.o)
 .debug_pubnames
                0x000001ec       0x1f c:/winavr-20100110/bin/../lib/gcc/avr/4.3.3/avr5\libgcc.a(_pack_sf.o)
 .debug_pubnames
                0x0000020b       0x21 c:/winavr-20100110/bin/../lib/gcc/avr/4.3.3/avr5\libgcc.a(_unpack_sf.o)
 .debug_pubnames
                0x0000022c       0x26 c:/winavr-20100110/bin/../lib/gcc/avr/4.3.3/avr5\libgcc.a(_fpcmp_parts_sf.o)

.debug_info     0x00000000     0x33ff
 *(.debug_info)
 .debug_info    0x00000000      0x17f c:/winavr-20100110/bin/../lib/gcc/avr/4.3.3/avr5\libgcc.a(_ashldi3.o)
 .debug_info    0x0000017f       0xb1 c:/winavr-20100110/bin/../lib/gcc/avr/4.3.3/avr5\libgcc.a(_fixunssfsi.o)
 .debug_info    0x00000230      0x71e c:/winavr-20100110/bin/../lib/gcc/avr/4.3.3/avr5\libgcc.a(_udivdi3.o)
 .debug_info    0x0000094e      0x757 c:/winavr-20100110/bin/../lib/gcc/avr/4.3.3/avr5\libgcc.a(_umoddi3.o)
 .debug_info    0x000010a5      0x47a c:/winavr-20100110/bin/../lib/gcc/avr/4.3.3/avr5\libgcc.a(_addsub_sf.o)
 .debug_info    0x0000151f      0x485 c:/winavr-20100110/bin/../lib/gcc/avr/4.3.3/avr5\libgcc.a(_mul_sf.o)
 .debug_info    0x000019a4      0x3fc c:/winavr-20100110/bin/../lib/gcc/avr/4.3.3/avr5\libgcc.a(_div_sf.o)
 .debug_info    0x00001da0      0x27f c:/winavr-20100110/bin/../lib/gcc/avr/4.3.3/avr5\libgcc.a(_gt_sf.o)
 .debug_info    0x0000201f      0x27f c:/winavr-20100110/bin/../lib/gcc/avr/4.3.3/avr5\libgcc.a(_ge_sf.o)
 .debug_info    0x0000229e      0x27f c:/winavr-20100110/bin/../lib/gcc/avr/4.3.3/avr5\libgcc.a(_lt_sf.o)
 .debug_info    0x0000251d      0x2b0 c:/winavr-20100110/bin/../lib/gcc/avr/4.3.3/avr5\libgcc.a(_sf_to_si.o)
 .debug_info    0x000027cd      0x12c c:/winavr-20100110/bin/../lib/gcc/avr/4.3.3/avr5\libgcc.a(_thenan_sf.o)
 .debug_info    0x000028f9      0x206 c:/winavr-20100110/bin/../lib/gcc/avr/4.3.3/avr5\libgcc.a(_usi_to_sf.o)
 .debug_info    0x00002aff       0xa9 c:/winavr-20100110/bin/../lib/gcc/avr/4.3.3/avr5\libgcc.a(_clz.o)
 .debug_info    0x00002ba8      0x117 c:/winavr-20100110/bin/../lib/gcc/avr/4.3.3/avr5\libgcc.a(_clzsi2.o)
 .debug_info    0x00002cbf      0x2df c:/winavr-20100110/bin/../lib/gcc/avr/4.3.3/avr5\libgcc.a(_pack_sf.o)
 .debug_info    0x00002f9e      0x251 c:/winavr-20100110/bin/../lib/gcc/avr/4.3.3/avr5\libgcc.a(_unpack_sf.o)
 .debug_info    0x000031ef      0x210 c:/winavr-20100110/bin/../lib/gcc/avr/4.3.3/avr5\libgcc.a(_fpcmp_parts_sf.o)
 *(.gnu.linkonce.wi.*)

.debug_abbrev   0x00000000     0x1785
 *(.debug_abbrev)
 .debug_abbrev  0x00000000       0xee c:/winavr-20100110/bin/../lib/gcc/avr/4.3.3/avr5\libgcc.a(_ashldi3.o)
 .debug_abbrev  0x000000ee       0x5d c:/winavr-20100110/bin/../lib/gcc/avr/4.3.3/avr5\libgcc.a(_fixunssfsi.o)
 .debug_abbrev  0x0000014b      0x181 c:/winavr-20100110/bin/../lib/gcc/avr/4.3.3/avr5\libgcc.a(_udivdi3.o)
 .debug_abbrev  0x000002cc      0x190 c:/winavr-20100110/bin/../lib/gcc/avr/4.3.3/avr5\libgcc.a(_umoddi3.o)
 .debug_abbrev  0x0000045c      0x1ea c:/winavr-20100110/bin/../lib/gcc/avr/4.3.3/avr5\libgcc.a(_addsub_sf.o)
 .debug_abbrev  0x00000646      0x21b c:/winavr-20100110/bin/../lib/gcc/avr/4.3.3/avr5\libgcc.a(_mul_sf.o)
 .debug_abbrev  0x00000861      0x216 c:/winavr-20100110/bin/../lib/gcc/avr/4.3.3/avr5\libgcc.a(_div_sf.o)
 .debug_abbrev  0x00000a77      0x15a c:/winavr-20100110/bin/../lib/gcc/avr/4.3.3/avr5\libgcc.a(_gt_sf.o)
 .debug_abbrev  0x00000bd1      0x15a c:/winavr-20100110/bin/../lib/gcc/avr/4.3.3/avr5\libgcc.a(_ge_sf.o)
 .debug_abbrev  0x00000d2b      0x15a c:/winavr-20100110/bin/../lib/gcc/avr/4.3.3/avr5\libgcc.a(_lt_sf.o)
 .debug_abbrev  0x00000e85      0x17f c:/winavr-20100110/bin/../lib/gcc/avr/4.3.3/avr5\libgcc.a(_sf_to_si.o)
 .debug_abbrev  0x00001004       0xad c:/winavr-20100110/bin/../lib/gcc/avr/4.3.3/avr5\libgcc.a(_thenan_sf.o)
 .debug_abbrev  0x000010b1      0x157 c:/winavr-20100110/bin/../lib/gcc/avr/4.3.3/avr5\libgcc.a(_usi_to_sf.o)
 .debug_abbrev  0x00001208       0x6a c:/winavr-20100110/bin/../lib/gcc/avr/4.3.3/avr5\libgcc.a(_clz.o)
 .debug_abbrev  0x00001272       0xc4 c:/winavr-20100110/bin/../lib/gcc/avr/4.3.3/avr5\libgcc.a(_clzsi2.o)
 .debug_abbrev  0x00001336      0x1c0 c:/winavr-20100110/bin/../lib/gcc/avr/4.3.3/avr5\libgcc.a(_pack_sf.o)
 .debug_abbrev  0x000014f6      0x154 c:/winavr-20100110/bin/../lib/gcc/avr/4.3.3/avr5\libgcc.a(_unpack_sf.o)
 .debug_abbrev  0x0000164a      0x13b c:/winavr-20100110/bin/../lib/gcc/avr/4.3.3/avr5\libgcc.a(_fpcmp_parts_sf.o)

.debug_line     0x00000000     0x16b5
 *(.debug_line)
 .debug_line    0x00000000       0xd7 c:/winavr-20100110/bin/../lib/gcc/avr/4.3.3/avr5\libgcc.a(_ashldi3.o)
 .debug_line    0x000000d7       0xa7 c:/winavr-20100110/bin/../lib/gcc/avr/4.3.3/avr5\libgcc.a(_fixunssfsi.o)
 .debug_line    0x0000017e      0x1d8 c:/winavr-20100110/bin/../lib/gcc/avr/4.3.3/avr5\libgcc.a(_udivdi3.o)
 .debug_line    0x00000356      0x230 c:/winavr-20100110/bin/../lib/gcc/avr/4.3.3/avr5\libgcc.a(_umoddi3.o)
 .debug_line    0x00000586      0x2af c:/winavr-20100110/bin/../lib/gcc/avr/4.3.3/avr5\libgcc.a(_addsub_sf.o)
 .debug_line    0x00000835      0x239 c:/winavr-20100110/bin/../lib/gcc/avr/4.3.3/avr5\libgcc.a(_mul_sf.o)
 .debug_line    0x00000a6e      0x1d5 c:/winavr-20100110/bin/../lib/gcc/avr/4.3.3/avr5\libgcc.a(_div_sf.o)
 .debug_line    0x00000c43       0xd3 c:/winavr-20100110/bin/../lib/gcc/avr/4.3.3/avr5\libgcc.a(_gt_sf.o)
 .debug_line    0x00000d16       0xd3 c:/winavr-20100110/bin/../lib/gcc/avr/4.3.3/avr5\libgcc.a(_ge_sf.o)
 .debug_line    0x00000de9       0xd3 c:/winavr-20100110/bin/../lib/gcc/avr/4.3.3/avr5\libgcc.a(_lt_sf.o)
 .debug_line    0x00000ebc      0x109 c:/winavr-20100110/bin/../lib/gcc/avr/4.3.3/avr5\libgcc.a(_sf_to_si.o)
 .debug_line    0x00000fc5       0x90 c:/winavr-20100110/bin/../lib/gcc/avr/4.3.3/avr5\libgcc.a(_thenan_sf.o)
 .debug_line    0x00001055      0x133 c:/winavr-20100110/bin/../lib/gcc/avr/4.3.3/avr5\libgcc.a(_usi_to_sf.o)
 .debug_line    0x00001188       0x7c c:/winavr-20100110/bin/../lib/gcc/avr/4.3.3/avr5\libgcc.a(_clz.o)
 .debug_line    0x00001204       0xa5 c:/winavr-20100110/bin/../lib/gcc/avr/4.3.3/avr5\libgcc.a(_clzsi2.o)
 .debug_line    0x000012a9      0x18a c:/winavr-20100110/bin/../lib/gcc/avr/4.3.3/avr5\libgcc.a(_pack_sf.o)
 .debug_line    0x00001433      0x14b c:/winavr-20100110/bin/../lib/gcc/avr/4.3.3/avr5\libgcc.a(_unpack_sf.o)
 .debug_line    0x0000157e      0x137 c:/winavr-20100110/bin/../lib/gcc/avr/4.3.3/avr5\libgcc.a(_fpcmp_parts_sf.o)

.debug_frame    0x00000000      0x220
 *(.debug_frame)
 .debug_frame   0x00000000       0x20 c:/winavr-20100110/bin/../lib/gcc/avr/4.3.3/avr5\libgcc.a(_ashldi3.o)
 .debug_frame   0x00000020       0x20 c:/winavr-20100110/bin/../lib/gcc/avr/4.3.3/avr5\libgcc.a(_fixunssfsi.o)
 .debug_frame   0x00000040       0x20 c:/winavr-20100110/bin/../lib/gcc/avr/4.3.3/avr5\libgcc.a(_udivdi3.o)
 .debug_frame   0x00000060       0x20 c:/winavr-20100110/bin/../lib/gcc/avr/4.3.3/avr5\libgcc.a(_umoddi3.o)
 .debug_frame   0x00000080       0x40 c:/winavr-20100110/bin/../lib/gcc/avr/4.3.3/avr5\libgcc.a(_addsub_sf.o)
 .debug_frame   0x000000c0       0x20 c:/winavr-20100110/bin/../lib/gcc/avr/4.3.3/avr5\libgcc.a(_mul_sf.o)
 .debug_frame   0x000000e0       0x20 c:/winavr-20100110/bin/../lib/gcc/avr/4.3.3/avr5\libgcc.a(_div_sf.o)
 .debug_frame   0x00000100       0x20 c:/winavr-20100110/bin/../lib/gcc/avr/4.3.3/avr5\libgcc.a(_gt_sf.o)
 .debug_frame   0x00000120       0x20 c:/winavr-20100110/bin/../lib/gcc/avr/4.3.3/avr5\libgcc.a(_ge_sf.o)
 .debug_frame   0x00000140       0x20 c:/winavr-20100110/bin/../lib/gcc/avr/4.3.3/avr5\libgcc.a(_lt_sf.o)
 .debug_frame   0x00000160       0x20 c:/winavr-20100110/bin/../lib/gcc/avr/4.3.3/avr5\libgcc.a(_sf_to_si.o)
 .debug_frame   0x00000180       0x20 c:/winavr-20100110/bin/../lib/gcc/avr/4.3.3/avr5\libgcc.a(_usi_to_sf.o)
 .debug_frame   0x000001a0       0x20 c:/winavr-20100110/bin/../lib/gcc/avr/4.3.3/avr5\libgcc.a(_clzsi2.o)
 .debug_frame   0x000001c0       0x20 c:/winavr-20100110/bin/../lib/gcc/avr/4.3.3/avr5\libgcc.a(_pack_sf.o)
 .debug_frame   0x000001e0       0x20 c:/winavr-20100110/bin/../lib/gcc/avr/4.3.3/avr5\libgcc.a(_unpack_sf.o)
 .debug_frame   0x00000200       0x20 c:/winavr-20100110/bin/../lib/gcc/avr/4.3.3/avr5\libgcc.a(_fpcmp_parts_sf.o)

.debug_str      0x00000000      0x399
 *(.debug_str)
 .debug_str     0x00000000       0xdf c:/winavr-20100110/bin/../lib/gcc/avr/4.3.3/avr5\libgcc.a(_ashldi3.o)
                                0x131 (size before relaxing)
 .debug_str     0x000000df       0x14 c:/winavr-20100110/bin/../lib/gcc/avr/4.3.3/avr5\libgcc.a(_fixunssfsi.o)
                                 0xfe (size before relaxing)
 .debug_str     0x000000f3       0x7c c:/winavr-20100110/bin/../lib/gcc/avr/4.3.3/avr5\libgcc.a(_udivdi3.o)
                                0x18a (size before relaxing)
 .debug_str     0x0000016f        0xa c:/winavr-20100110/bin/../lib/gcc/avr/4.3.3/avr5\libgcc.a(_umoddi3.o)
                                0x18a (size before relaxing)
 .debug_str     0x00000179      0x14d c:/winavr-20100110/bin/../lib/gcc/avr/4.3.3/avr5\libgcc.a(_addsub_sf.o)
                                0x206 (size before relaxing)
 .debug_str     0x000002c6       0x27 c:/winavr-20100110/bin/../lib/gcc/avr/4.3.3/avr5\libgcc.a(_mul_sf.o)
                                0x1bf (size before relaxing)
 .debug_str     0x000002ed       0x35 c:/winavr-20100110/bin/../lib/gcc/avr/4.3.3/avr5\libgcc.a(_div_sf.o)
                                0x1c8 (size before relaxing)
 .debug_str     0x00000322        0x8 c:/winavr-20100110/bin/../lib/gcc/avr/4.3.3/avr5\libgcc.a(_gt_sf.o)
                                0x195 (size before relaxing)
 .debug_str     0x0000032a        0x8 c:/winavr-20100110/bin/../lib/gcc/avr/4.3.3/avr5\libgcc.a(_ge_sf.o)
                                0x195 (size before relaxing)
 .debug_str     0x00000332        0x8 c:/winavr-20100110/bin/../lib/gcc/avr/4.3.3/avr5\libgcc.a(_lt_sf.o)
                                0x195 (size before relaxing)
 .debug_str     0x0000033a        0xa c:/winavr-20100110/bin/../lib/gcc/avr/4.3.3/avr5\libgcc.a(_sf_to_si.o)
                                0x19e (size before relaxing)
 .debug_str     0x00000000      0x103 c:/winavr-20100110/bin/../lib/gcc/avr/4.3.3/avr5\libgcc.a(_thenan_sf.o)
 .debug_str     0x00000344       0x21 c:/winavr-20100110/bin/../lib/gcc/avr/4.3.3/avr5\libgcc.a(_usi_to_sf.o)
                                0x177 (size before relaxing)
 .debug_str     0x00000000       0xf4 c:/winavr-20100110/bin/../lib/gcc/avr/4.3.3/avr5\libgcc.a(_clz.o)
 .debug_str     0x00000365        0x9 c:/winavr-20100110/bin/../lib/gcc/avr/4.3.3/avr5\libgcc.a(_clzsi2.o)
                                0x111 (size before relaxing)
 .debug_str     0x0000036e       0x10 c:/winavr-20100110/bin/../lib/gcc/avr/4.3.3/avr5\libgcc.a(_pack_sf.o)
                                0x19d (size before relaxing)
 .debug_str     0x0000037e        0xb c:/winavr-20100110/bin/../lib/gcc/avr/4.3.3/avr5\libgcc.a(_unpack_sf.o)
                                0x17f (size before relaxing)
 .debug_str     0x00000389       0x10 c:/winavr-20100110/bin/../lib/gcc/avr/4.3.3/avr5\libgcc.a(_fpcmp_parts_sf.o)
                                0x163 (size before relaxing)

.debug_loc      0x00000000     0x238c
 *(.debug_loc)
 .debug_loc     0x00000000       0xf8 c:/winavr-20100110/bin/../lib/gcc/avr/4.3.3/avr5\libgcc.a(_ashldi3.o)
 .debug_loc     0x000000f8       0x34 c:/winavr-20100110/bin/../lib/gcc/avr/4.3.3/avr5\libgcc.a(_fixunssfsi.o)
 .debug_loc     0x0000012c      0xe74 c:/winavr-20100110/bin/../lib/gcc/avr/4.3.3/avr5\libgcc.a(_udivdi3.o)
 .debug_loc     0x00000fa0      0xab2 c:/winavr-20100110/bin/../lib/gcc/avr/4.3.3/avr5\libgcc.a(_umoddi3.o)
 .debug_loc     0x00001a52      0x32a c:/winavr-20100110/bin/../lib/gcc/avr/4.3.3/avr5\libgcc.a(_addsub_sf.o)
 .debug_loc     0x00001d7c      0x104 c:/winavr-20100110/bin/../lib/gcc/avr/4.3.3/avr5\libgcc.a(_mul_sf.o)
 .debug_loc     0x00001e80       0xc0 c:/winavr-20100110/bin/../lib/gcc/avr/4.3.3/avr5\libgcc.a(_div_sf.o)
 .debug_loc     0x00001f40       0x3c c:/winavr-20100110/bin/../lib/gcc/avr/4.3.3/avr5\libgcc.a(_gt_sf.o)
 .debug_loc     0x00001f7c       0x3c c:/winavr-20100110/bin/../lib/gcc/avr/4.3.3/avr5\libgcc.a(_ge_sf.o)
 .debug_loc     0x00001fb8       0x3c c:/winavr-20100110/bin/../lib/gcc/avr/4.3.3/avr5\libgcc.a(_lt_sf.o)
 .debug_loc     0x00001ff4       0x7e c:/winavr-20100110/bin/../lib/gcc/avr/4.3.3/avr5\libgcc.a(_sf_to_si.o)
 .debug_loc     0x00002072       0x4c c:/winavr-20100110/bin/../lib/gcc/avr/4.3.3/avr5\libgcc.a(_usi_to_sf.o)
 .debug_loc     0x000020be       0x94 c:/winavr-20100110/bin/../lib/gcc/avr/4.3.3/avr5\libgcc.a(_clzsi2.o)
 .debug_loc     0x00002152      0x13e c:/winavr-20100110/bin/../lib/gcc/avr/4.3.3/avr5\libgcc.a(_pack_sf.o)
 .debug_loc     0x00002290       0xac c:/winavr-20100110/bin/../lib/gcc/avr/4.3.3/avr5\libgcc.a(_unpack_sf.o)
 .debug_loc     0x0000233c       0x50 c:/winavr-20100110/bin/../lib/gcc/avr/4.3.3/avr5\libgcc.a(_fpcmp_parts_sf.o)

.debug_macinfo
 *(.debug_macinfo)
OUTPUT(SummerWork.elf elf32-avr)
LOAD linker stubs

.debug_ranges   0x00000000       0x80
 .debug_ranges  0x00000000       0x18 c:/winavr-20100110/bin/../lib/gcc/avr/4.3.3/avr5\libgcc.a(_udivdi3.o)
 .debug_ranges  0x00000018       0x18 c:/winavr-20100110/bin/../lib/gcc/avr/4.3.3/avr5\libgcc.a(_umoddi3.o)
 .debug_ranges  0x00000030       0x50 c:/winavr-20100110/bin/../lib/gcc/avr/4.3.3/avr5\libgcc.a(_mul_sf.o)
